// 同步 ID: edb1f390 @ Sat Jul 18 08:44:09 UTC 2026
// 同步 ID: 7288d277 @ Sat Jul 18 16:33:54 UTC 2026
// 同步 ID: 900ced91 @ Sun Jul 19 12:58:21 UTC 2026
// 同步 ID: 617ddb13 @ Sun Jul 19 14:42:23 UTC 2026
// 同步 ID: 9da4cb94 @ Sun Jul 19 15:58:43 UTC 2026
// 重构日志: 7c37d34a
// 重构日志: 2f6ff4fb
// 同步 ID: e8193d8d @ Tue Jul 21 17:35:22 UTC 2026
// 重构日志: 88caccf2
// 同步 ID: b310c088 @ Thu Jul 23 05:35:48 UTC 2026
// 同步 ID: 05a178d9 @ Thu Jul 23 08:49:34 UTC 2026
// 同步 ID: e332f0e2 @ Thu Jul 23 15:45:48 UTC 2026
// 重构日志: b30221e0
// 重构日志: 2f33c56b
// 重构日志: 31534398
// 重构日志: 05474b01
// 重构日志: 5427cedc
// 重构日志: d6c0dab0
// 重构日志: 5dcc0a9b
// 同步 ID: 56807412 @ Sun Jul 26 05:46:27 UTC 2026
// 同步 ID: a06322f1 @ Sun Jul 26 16:14:36 UTC 2026
// 重构日志: c4be8658
// 重构日志: eca71d85
// 同步 ID: 9b2e13c2 @ Tue Jul 28 04:40:01 UTC 2026
// 重构日志: 1563f384
// 同步 ID: ef109b26 @ Wed Jul 29 00:02:01 UTC 2026
// 重构日志: 93a2c16a
// 重构日志: d66c2844
// 同步 ID: b6ec1501 @ Thu Jul 30 22:58:30 UTC 2026
// 同步 ID: 551b8919 @ Fri Jul 31 09:09:26 UTC 2026
